[     646ms] [LOG] %c
▲

 _____ _              _                    _   _             __
|_   _| |__   ___    / \   __ _  ___ _ __ | |_(_) ___       / /
  | | | '_ \ / _ \  / _ \ / _` |/ _ \ '_ \| __| |/ __|     / /
  | | | | | |  __/ / ___ \ (_| |  __/ | | | |_| | (__     /_/
  |_| |_| |_|\___|/_/   \_\__, |\___|_| |_|\__|_|\___|    (_)
                           |___/
 ___        __               _                   _                 _
|_ _|_ __  / _|_ __ __ _ ___| |_ _ __ _   _  ___| |_ _   _ _ __ ___
 | || '_ \| |_| '__/ _` / __| __| '__| | | |/ __| __| | | | '__/ _ \
 | || | | |  _| | | (_| \__ \ |_| |  | |_| | (__| |_| |_| | | |  __/
|___|_| |_|_| |_|  \__,_|___/\__|_|   \__,_|\___|\__|\__,_|_|  \___|
  

Hello!

- Open Source https://vercel.com/oss
- Careers https://vercel.com/careers
- Status https://www.vercel-status.com

 font-family: "Geist Mono", monospace; white-space: pre; line-height: 1; @ https://vercel.com/_next/static/immutable/chunks/09bognj3n0dzk.js:78
[    2860ms] [WARNING] iso_swr: SSR fetch failed for "/v1/dashboard/projects/omp-papermark?teamId=open-mic-productions" {error: iso_swr_fetch_error, message: The request is missing an authentication token} @ https://vercel.com/open-mic-productions/omp-papermark/9NpfH2PEDdwru3Xeh9stQAQqzVXh:77
[    2862ms] [WARNING] iso_swr: SSR fetch failed for "/api/v2/teams/open-mic-productions" {error: iso_swr_fetch_error, message: The request is missing an authentication token} @ https://vercel.com/open-mic-productions/omp-papermark/9NpfH2PEDdwru3Xeh9stQAQqzVXh:77
[    2863ms] [WARNING] iso_swr: SSR fetch failed for "/v1/dashboard/deployments/dpl_9NpfH2PEDdwru3Xeh9stQAQqzVXh?includeDeleted=true&projectName=omp-papermark&teamId=open-mic-productions" {error: iso_swr_fetch_error, message: The request is missing an authentication token} @ https://vercel.com/open-mic-productions/omp-papermark/9NpfH2PEDdwru3Xeh9stQAQqzVXh:77
[    3267ms] [WARNING] iso_swr: SSR fetch failed for "/api/v9/projects/omp-papermark?latestDeployments=0&rollbackInfo=true&teamId=open-mic-productions" {error: iso_swr_fetch_error, message: The request is missing an authentication token} @ https://vercel.com/open-mic-productions/omp-papermark/9NpfH2PEDdwru3Xeh9stQAQqzVXh:123
[    3275ms] [WARNING] iso_swr: SSR fetch failed for "/api/dashboard/deployments/dpl_9NpfH2PEDdwru3Xeh9stQAQqzVXh?includeDeleted=true&projectName=omp-papermark&teamId=open-mic-productions" {error: iso_swr_fetch_error, message: The request is missing an authentication token} @ https://vercel.com/open-mic-productions/omp-papermark/9NpfH2PEDdwru3Xeh9stQAQqzVXh:278
[    4985ms] [WARNING] iso_swr[warn] [client] fallback error for key: "/api/v2/teams/open-mic-productions" {error: iso_swr_fetch_error, message: The request is missing an authentication token} @ https://vercel.com/_next/static/immutable/chunks/3x25qsh_eznqe.js:1
[    5081ms] Error: Minified React error #418; visit https://react.dev/errors/418?args[]=HTML&args[]= for the full message or use the non-minified dev environment for full errors and additional helpful warnings.
    at r6 (https://vercel.com/_next/static/immutable/chunks/09bognj3n0dzk.js:109:48012)
    at iz (https://vercel.com/_next/static/immutable/chunks/09bognj3n0dzk.js:109:102152)
    at sX (https://vercel.com/_next/static/immutable/chunks/09bognj3n0dzk.js:109:145161)
    at https://vercel.com/_next/static/immutable/chunks/09bognj3n0dzk.js:109:145006
    at sY (https://vercel.com/_next/static/immutable/chunks/09bognj3n0dzk.js:109:145014)
    at sj (https://vercel.com/_next/static/immutable/chunks/09bognj3n0dzk.js:109:140175)
    at ck (https://vercel.com/_next/static/immutable/chunks/09bognj3n0dzk.js:109:175009)
    at cv (https://vercel.com/_next/static/immutable/chunks/09bognj3n0dzk.js:109:172912)
    at cb (https://vercel.com/_next/static/immutable/chunks/09bognj3n0dzk.js:109:173269)
    at https://vercel.com/_next/static/immutable/chunks/09bognj3n0dzk.js:109:175068
[    5100ms] Error: Minified React error #418; visit https://react.dev/errors/418?args[]=HTML&args[]= for the full message or use the non-minified dev environment for full errors and additional helpful warnings.
    at r6 (https://vercel.com/_next/static/immutable/chunks/09bognj3n0dzk.js:109:48012)
    at iz (https://vercel.com/_next/static/immutable/chunks/09bognj3n0dzk.js:109:102152)
    at sX (https://vercel.com/_next/static/immutable/chunks/09bognj3n0dzk.js:109:145161)
    at https://vercel.com/_next/static/immutable/chunks/09bognj3n0dzk.js:109:145006
    at sY (https://vercel.com/_next/static/immutable/chunks/09bognj3n0dzk.js:109:145014)
    at sj (https://vercel.com/_next/static/immutable/chunks/09bognj3n0dzk.js:109:140175)
    at ck (https://vercel.com/_next/static/immutable/chunks/09bognj3n0dzk.js:109:175009)
    at cv (https://vercel.com/_next/static/immutable/chunks/09bognj3n0dzk.js:109:172912)
    at cb (https://vercel.com/_next/static/immutable/chunks/09bognj3n0dzk.js:109:173269)
    at https://vercel.com/_next/static/immutable/chunks/09bognj3n0dzk.js:109:175068
[    5104ms] [WARNING] iso_swr[warn] [client] fallback error for key: "/v1/dashboard/projects/omp-papermark?teamId=open-mic-productions" {error: iso_swr_fetch_error, message: The request is missing an authentication token} @ https://vercel.com/_next/static/immutable/chunks/3x25qsh_eznqe.js:1
[    5150ms] [WARNING] iso_swr[warn] [client] fallback error for key: "/api/v9/projects/omp-papermark?latestDeployments=0&rollbackInfo=true&teamId=open-mic-productions" {error: iso_swr_fetch_error, message: The request is missing an authentication token} @ https://vercel.com/_next/static/immutable/chunks/3x25qsh_eznqe.js:1
[    5361ms] [WARNING] iso_swr[warn] [client] fallback error for key: "/v1/dashboard/deployments/dpl_9NpfH2PEDdwru3Xeh9stQAQqzVXh?includeDeleted=true&projectName=omp-papermark&teamId=open-mic-productions" {error: iso_swr_fetch_error, message: The request is missing an authentication token} @ https://vercel.com/_next/static/immutable/chunks/3x25qsh_eznqe.js:1
[    8486ms] [WARNING] Deprecated API for given entry type. @ https://vercel.com/_next/static/immutable/chunks/3vuaw0m6zroe4.js:18
[    8731ms] [ERROR] Failed to load resource: the server responded with a status of 403 () @ https://vercel.com/api/v1/notifications/push:0
[    8734ms] [ERROR] Failed to load resource: the server responded with a status of 403 () @ https://vercel.com/api/jwt:0
[    8735ms] [ERROR] Failed to load resource: the server responded with a status of 403 () @ https://vercel.com/api/v1/dashboard/projects/omp-papermark?teamId=open-mic-productions:0
[    8739ms] [ERROR] Failed to load resource: the server responded with a status of 403 () @ https://vercel.com/api/v2/teams/open-mic-productions:0
[    8742ms] [ERROR] Failed to load resource: the server responded with a status of 403 () @ https://vercel.com/api/v9/projects/omp-papermark?latestDeployments=0&rollbackInfo=true&teamId=open-mic-productions:0
[    8743ms] [ERROR] Failed to load resource: the server responded with a status of 403 () @ https://vercel.com/api/v1/dashboard/deployments/dpl_9NpfH2PEDdwru3Xeh9stQAQqzVXh?includeDeleted=true&projectName=omp-papermark&teamId=open-mic-productions:0
[    8743ms] [ERROR] Failed to load resource: the server responded with a status of 403 () @ https://vercel.com/api/user/permissions?projectIdOrName=omp-papermark&slug=open-mic-productions:0
[    8752ms] [WARNING] The resource https://vercel.com/_next/static/immutable/chunks/366kj9d2621w5.css was preloaded using link preload but not used within a few seconds from the window's load event. Please make sure it has an appropriate `as` value and it is preloaded intentionally. @ https://vercel.com/open-mic-productions/omp-papermark/9NpfH2PEDdwru3Xeh9stQAQqzVXh:0
[    8752ms] [WARNING] The resource https://vercel.com/_next/static/immutable/chunks/3flhcz7cw314y.css was preloaded using link preload but not used within a few seconds from the window's load event. Please make sure it has an appropriate `as` value and it is preloaded intentionally. @ https://vercel.com/open-mic-productions/omp-papermark/9NpfH2PEDdwru3Xeh9stQAQqzVXh:0
[    9505ms] [LOG] %c
▲

    ____                               _ __
   / __ \________  ____ _____ ___     (_) /_
  / / / / ___/ _ \/ __ `/ __ `__ \   / / __/
 / /_/ / /  /  __/ /_/ / / / / / /  / / /__
/_____/_/   \___/\__,_/_/ /_/ /_/  /_/\__( )
   _____ __    _          _ __           |/
  / ___// /_  (_)___     (_) /_
  \__ \/ __ \/ / __ \   / / __/
 ___/ / / / / / /_/ /  / / /_
/____/_/ /_/_/ .___/  /_/\__/
            /_/
  

Hello!

- Open Source https://vercel.com/oss
- Careers https://vercel.com/careers
- Status https://www.vercel-status.com

 font-family: "Geist Mono", monospace; white-space: pre; line-height: 1; @ https://vercel.com/_next/static/immutable/chunks/09bognj3n0dzk.js:78
[   12129ms] [ERROR] Failed to load resource: the server responded with a status of 403 () @ https://vercel.com/api/jwt:0
[   12245ms] [WARNING] Deprecated API for given entry type. @ https://vercel.com/_next/static/immutable/chunks/3vuaw0m6zroe4.js:18
[   12858ms] [WARNING] [GSI_LOGGER]: Your client application uses one of the Google One Tap prompt UI status methods that may stop functioning when FedCM becomes mandatory. Refer to the migration guide to update your code accordingly and opt-in to FedCM to test your changes. Learn more: https://developers.google.com/identity/gsi/web/guides/fedcm-migration?s=dc#display_moment and https://developers.google.com/identity/gsi/web/guides/fedcm-migration?s=dc#skipped_moment @ https://vercel.com/_next/static/immutable/chunks/3vuaw0m6zroe4.js:16
[   12868ms] [ERROR] Not signed in with the identity provider. @ https://vercel.com/login?next=%2Fopen-mic-productions%2Fomp-papermark%2F9NpfH2PEDdwru3Xeh9stQAQqzVXh:0
[   13664ms] [ERROR] [GSI_LOGGER]: FedCM get() rejects with NetworkError: Error retrieving a token. @ https://vercel.com/_next/static/immutable/chunks/1w8o7bi8npdpo.js:8
[   13792ms] [ERROR] Failed to load resource: the server responded with a status of 429 () @ https://o205439.ingest.sentry.io/api/1323670/envelope/?sentry_key=d00780d432ac4ccf882f60dd02062e14&sentry_version=7&sentry_client=sentry.javascript.browser%2F7.111.0:0
[   16843ms] [WARNING] The resource https://vercel.com/_next/static/immutable/chunks/366kj9d2621w5.css was preloaded using link preload but not used within a few seconds from the window's load event. Please make sure it has an appropriate `as` value and it is preloaded intentionally. @ https://vercel.com/login?next=%2Fopen-mic-productions%2Fomp-papermark%2F9NpfH2PEDdwru3Xeh9stQAQqzVXh:0
[   16844ms] [WARNING] The resource https://vercel.com/_next/static/immutable/chunks/42nryff-e0b-n.css was preloaded using link preload but not used within a few seconds from the window's load event. Please make sure it has an appropriate `as` value and it is preloaded intentionally. @ https://vercel.com/login?next=%2Fopen-mic-productions%2Fomp-papermark%2F9NpfH2PEDdwru3Xeh9stQAQqzVXh:0
[   16844ms] [WARNING] The resource https://vercel.com/_next/static/immutable/chunks/3flhcz7cw314y.css was preloaded using link preload but not used within a few seconds from the window's load event. Please make sure it has an appropriate `as` value and it is preloaded intentionally. @ https://vercel.com/login?next=%2Fopen-mic-productions%2Fomp-papermark%2F9NpfH2PEDdwru3Xeh9stQAQqzVXh:0
[   25691ms] [WARNING] The resource https://vercel.com/_next/static/immutable/chunks/366kj9d2621w5.css was preloaded using link preload but not used within a few seconds from the window's load event. Please make sure it has an appropriate `as` value and it is preloaded intentionally. @ https://vercel.com/login?next=%2Fopen-mic-productions%2Fomp-papermark%2F9NpfH2PEDdwru3Xeh9stQAQqzVXh:0
[   25691ms] [WARNING] The resource https://vercel.com/_next/static/immutable/chunks/42nryff-e0b-n.css was preloaded using link preload but not used within a few seconds from the window's load event. Please make sure it has an appropriate `as` value and it is preloaded intentionally. @ https://vercel.com/login?next=%2Fopen-mic-productions%2Fomp-papermark%2F9NpfH2PEDdwru3Xeh9stQAQqzVXh:0
[   25691ms] [WARNING] The resource https://vercel.com/_next/static/immutable/chunks/3flhcz7cw314y.css was preloaded using link preload but not used within a few seconds from the window's load event. Please make sure it has an appropriate `as` value and it is preloaded intentionally. @ https://vercel.com/login?next=%2Fopen-mic-productions%2Fomp-papermark%2F9NpfH2PEDdwru3Xeh9stQAQqzVXh:0
